ssh-rsa-cert-v01@openssh.com AAAAHHNzaC1yc2EtY2VydC12MDFAb3BlbnNzaC5jb20AAAAgzPNsi/j2Aax1F+RWuGwmUbieFwOBv/qDcMTXG9OPPqAAAAADAQABAAACAQDEpN9hu+UViRdzR8uoNiC6XGsF7zHy/aIeXd1UuKnT+ECYQMxkURtZjWQpM/MYr0Gg60m+3sVJuW+Qnn8ODEhrHlxx3OmcsxS+fNzGulJ1j57VFM5CF1eDVnmnYaBL0kPzDgODVB+pn4aSucdq73vKcTBSd6tgTLPE4Iah8U+ZuKrzwkWfT93KF7NR1/RPWAq9a/ry2HlW7Y6Eh+ABTFqBkboVmLVm+Tog4VPjqEik0gr2l6Uak6y21Q2YS7RWFuAVggMNXLspDR5skgK2mpM7OmCBGHz8IAtm+uloBDC/GtuEbmqbWzPCB4ShYSJWDH4VsApgf7PVt5YV7wziv1gsU4qldEBMuxVwjok5lTCHXSMhhUrtz31HjtniwHjry19+zYkVqR0kdj368Yn/lKsf6+aG45j7G9lsgW2GQgmSLhuaH7zZ2w+BC8moXID/vyAWzm1wJGTam/IhkG605AyaR6Vx3bsVoOQCcsUWZKGaf3aCCbl8TwFoCjFON4Va+uYxWSNFG1A2zwcpm6lxYhuRywOIu58Bu3uQgk8bRR8B0wj1PtbL8ZaeNOkmX2eGJlv+ox9IPWoIPj4M8k2s8jEGZay7B9jFxj3kf+oeqe+yrTzneAq0Rwpe2w4hgXMzuputwApweAHsLOjpzVBa1xvwkAz4pAeP6roTQVwMpxICFxT2qbBe2QgAAAAAAQAAAAV0cnVtcAAAAAAAAAAAWgmkNAAAAABaCvW0AAAAAAAAAIIAAAAVcGVybWl0LVgxMS1mb3J3YXJkaW5nAAAAAAAAABdwZXJtaXQtYWdlbnQtZm9yd2FyZGluZwAAAAAAAAAWcGVybWl0LXBvcnQtZm9yd2FyZGluZwAAAAAAAAAKcGVybWl0LXB0eQAAAAAAAAAOcGVybWl0LXVzZXItcmMAAAAAAAAAAAAAAhcAAAAHc3NoLXJzYQAAAAMBAAEAAAIBAPGFKXmdwlZh7eqFxfv8rnnGMCjNnyGURiBg8JKsrnB0Y0swTLk8RwrAxZv6T0HNE5rqIb2aGyYBmlujvRL+j44wYQN2SXINEjOY4v4Ae3MaZ8D7nMvLOALyyHzpUnsI+NKq+q4al+O5ydeQyJV7dyUfYmD6Q2DnUBMQuTW5qpzdNngoys6noKcYkQkHu0vhfpqHGXwqRkK2knZHLvoIHjpbVyRFUMQswoauYBPNC0v5PtjaKRd9g7fz5qCISuSIAjnF4fv6CAT7VIcAJTVbwzdy3H0GoV41Qj0a3TzTAtvL65XczdWFwsye6yjk0FrPG2gB5+hUMA9IIzGjbAz+KrCifVx8S5k8eiJVZM2JaCC+KkiNQivfMfwDIvWczQIaCXxrnC2/NmEPsf5UugUcro7Ez6k29Cr21xzGMP8z22LOQb3zEI4OCq4MQpF1Yay5VfdgKSx93WJLU0NCs/83E+IfZL9eXtO93sEAtjezj9zLwA4KU1Aessv3xYVrAhLCBsKOw1uJvDDgPNS2B5wkGqC0t1SsB/xmiQdLfWdTKHAHnSHCXR0dotpLLj7gEretc9cYEX6H9QY30cq0wYAFuL81p3P0bnU9f7GIY4IyeJrQ06chy6BIj95n4qickE65aktcDCZ4lKKsoPazW84XDJTNKl7zfdUmZMErX2UWSRs3AAACDwAAAAdzc2gtcnNhAAACAI6BoIWTkZddzvxgw8wxc50nIWMLPM9gayCniXuHYxjPpiXbPY5CHkVyzLP8eojnZpK09OgA6m8VG+/jq8zGN48CT5sDQ198IZ5HYzrxYjFIWOokDcYiC/8M6oHNbdgIO9fqF/l/gepii65qDvjQWKsnNS1dMud8V3dQB6H8XuqBcWVR/E8oPmj37KopTgt+KLj7YSjRD1SZA6wBwaN5k9xfCD2v7EY3TfEhftiaz/rmePpaT1dADf0i4kfoza1r1NXWx2/QLx/jXfZk1v8Ak5eKoW7jgubH2j+m6n8jtifQ7kvbQJc0zlPD3C64ciIrOOQ+JFxgMpUbOPZSDwHz/51UxXzmIkXKCTVqP5RAtun01OirpEZ0PbEmMpAsMKStu9rpU8FaH/2fVq8L7TVufpBCweQgjz9zLm/S8ocdAEaHKrde57xfLZCIVBntB7k4igArKpxH4qosSRDm6SrJDL8PNG6Vb/kBXAFtVPTXPc0LiODzZK+toCwuy8nj78pmuOclWz0qVrlkghHP8tpyFEXQYOQceoVvj50GlGNb19asd2choDEfIKe16cwvj46TU77hPBZxYg3tuUgFYu8/nOn6IXvSmz9nK7WWec8NNhBzQaiJuGB1vWIps4P6CTXHfujth4eGjEbSPYN6ofMBSs+JAyfGFzLb0T3X+rpIX0kv core@localhost