ssh-rsa-cert-v01@openssh.com AAAAHHNzaC1yc2EtY2VydC12MDFAb3BlbnNzaC5jb20AAAAggRrXCF2LedVCIfxjOk1M0SSY9DyypCdlo+FzSyiSiv4AAAADAQABAAACAQDEpN9hu+UViRdzR8uoNiC6XGsF7zHy/aIeXd1UuKnT+ECYQMxkURtZjWQpM/MYr0Gg60m+3sVJuW+Qnn8ODEhrHlxx3OmcsxS+fNzGulJ1j57VFM5CF1eDVnmnYaBL0kPzDgODVB+pn4aSucdq73vKcTBSd6tgTLPE4Iah8U+ZuKrzwkWfT93KF7NR1/RPWAq9a/ry2HlW7Y6Eh+ABTFqBkboVmLVm+Tog4VPjqEik0gr2l6Uak6y21Q2YS7RWFuAVggMNXLspDR5skgK2mpM7OmCBGHz8IAtm+uloBDC/GtuEbmqbWzPCB4ShYSJWDH4VsApgf7PVt5YV7wziv1gsU4qldEBMuxVwjok5lTCHXSMhhUrtz31HjtniwHjry19+zYkVqR0kdj368Yn/lKsf6+aG45j7G9lsgW2GQgmSLhuaH7zZ2w+BC8moXID/vyAWzm1wJGTam/IhkG605AyaR6Vx3bsVoOQCcsUWZKGaf3aCCbl8TwFoCjFON4Va+uYxWSNFG1A2zwcpm6lxYhuRywOIu58Bu3uQgk8bRR8B0wj1PtbL8ZaeNOkmX2eGJlv+ox9IPWoIPj4M8k2s8jEGZay7B9jFxj3kf+oeqe+yrTzneAq0Rwpe2w4hgXMzuputwApweAHsLOjpzVBa1xvwkAz4pAeP6roTQVwMpxICFxT2qbBe2QgAAAAAAQAAAApsc2t5d2Fsa2VyAAAAEwAAAARqZWRpAAAAB2hlcm1pdHMAAAAAWgmkNAAAAABaCvW0AAAAAAAAAIIAAAAVcGVybWl0LVgxMS1mb3J3YXJkaW5nAAAAAAAAABdwZXJtaXQtYWdlbnQtZm9yd2FyZGluZwAAAAAAAAAWcGVybWl0LXBvcnQtZm9yd2FyZGluZwAAAAAAAAAKcGVybWl0LXB0eQAAAAAAAAAOcGVybWl0LXVzZXItcmMAAAAAAAAAAAAAAhcAAAAHc3NoLXJzYQAAAAMBAAEAAAIBAPGFKXmdwlZh7eqFxfv8rnnGMCjNnyGURiBg8JKsrnB0Y0swTLk8RwrAxZv6T0HNE5rqIb2aGyYBmlujvRL+j44wYQN2SXINEjOY4v4Ae3MaZ8D7nMvLOALyyHzpUnsI+NKq+q4al+O5ydeQyJV7dyUfYmD6Q2DnUBMQuTW5qpzdNngoys6noKcYkQkHu0vhfpqHGXwqRkK2knZHLvoIHjpbVyRFUMQswoauYBPNC0v5PtjaKRd9g7fz5qCISuSIAjnF4fv6CAT7VIcAJTVbwzdy3H0GoV41Qj0a3TzTAtvL65XczdWFwsye6yjk0FrPG2gB5+hUMA9IIzGjbAz+KrCifVx8S5k8eiJVZM2JaCC+KkiNQivfMfwDIvWczQIaCXxrnC2/NmEPsf5UugUcro7Ez6k29Cr21xzGMP8z22LOQb3zEI4OCq4MQpF1Yay5VfdgKSx93WJLU0NCs/83E+IfZL9eXtO93sEAtjezj9zLwA4KU1Aessv3xYVrAhLCBsKOw1uJvDDgPNS2B5wkGqC0t1SsB/xmiQdLfWdTKHAHnSHCXR0dotpLLj7gEretc9cYEX6H9QY30cq0wYAFuL81p3P0bnU9f7GIY4IyeJrQ06chy6BIj95n4qickE65aktcDCZ4lKKsoPazW84XDJTNKl7zfdUmZMErX2UWSRs3AAACDwAAAAdzc2gtcnNhAAACALzmBFEcM1cal9lccZv8LmXSE/o4JP3J2b1qrkG1v217U6+n28Rq7+1w+W1kOi0IjduwQWNE2ahMuiGOsokW5dz8HEFnoHsYIQeoVPe1n02c+YL5/fOEjoqBIgAfiRqCB/kk7mEJ2U5/rzoBSC2qSISxC2uK510ngWoDUhQ95zCyC2r5z7lnEz5X301FpGOmL5Ud0vRr+nM9kLVJe2Jeq96y07TUOyVzOv0ZlV5ppdzmABUkJHfOf0sQgfcEViy65FdnkHX5NEo2ac+uAnNub0y0ExVviTl+BTNir5jYSS8yQKjruqlfGQ2pAJlW42nFy7asl+AO3dQyI8eqoGQSEz/d6vOT+Y8j2msySW6hINGVGHBdiZRMqg804okSszisCRhDOW7t5QOzQV8h7pHSA1DI83I8ccyN9gsToBCxaOHatHEMRPy4WZYRiQ9zIvmDx39OFeUOXwCM10hcZSBwoI78KwZU0N76cCKi7rl+w4hSWM+s52Ywlml9Y+YcGdQIE9SICG87ryQqSGU35Vbs8/dQAdJ39JnOyY9unmK/mmFXolXbVl/howJQgu8Yo9ciPVeTtHysCicoMtTDRHm4Hov2yEaUJ/Bjltx06zfaYnwZgO9ey/19CE0YE3LZkvnrNCstLr8KNF1ojdzPa7y7SHkWj//Q39ThNPGxjyOOu7m6 core@localhost