ssh-rsa-cert-v01@openssh.com AAAAHHNzaC1yc2EtY2VydC12MDFAb3BlbnNzaC5jb20AAAAgPu0ygaD1kYlVsh2uYEyuPOD/ygQoAeHqV/7cFiouVLMAAAADAQABAAACAQDEpN9hu+UViRdzR8uoNiC6XGsF7zHy/aIeXd1UuKnT+ECYQMxkURtZjWQpM/MYr0Gg60m+3sVJuW+Qnn8ODEhrHlxx3OmcsxS+fNzGulJ1j57VFM5CF1eDVnmnYaBL0kPzDgODVB+pn4aSucdq73vKcTBSd6tgTLPE4Iah8U+ZuKrzwkWfT93KF7NR1/RPWAq9a/ry2HlW7Y6Eh+ABTFqBkboVmLVm+Tog4VPjqEik0gr2l6Uak6y21Q2YS7RWFuAVggMNXLspDR5skgK2mpM7OmCBGHz8IAtm+uloBDC/GtuEbmqbWzPCB4ShYSJWDH4VsApgf7PVt5YV7wziv1gsU4qldEBMuxVwjok5lTCHXSMhhUrtz31HjtniwHjry19+zYkVqR0kdj368Yn/lKsf6+aG45j7G9lsgW2GQgmSLhuaH7zZ2w+BC8moXID/vyAWzm1wJGTam/IhkG605AyaR6Vx3bsVoOQCcsUWZKGaf3aCCbl8TwFoCjFON4Va+uYxWSNFG1A2zwcpm6lxYhuRywOIu58Bu3uQgk8bRR8B0wj1PtbL8ZaeNOkmX2eGJlv+ox9IPWoIPj4M8k2s8jEGZay7B9jFxj3kf+oeqe+yrTzneAq0Rwpe2w4hgXMzuputwApweAHsLOjpzVBa1xvwkAz4pAeP6roTQVwMpxICFxT2qbBe2QgAAAAAAQAAAAxtaWNhaGhhdXNsZXIAAAAIAAAABHJvb3QAAAAAWgmkNAAAAABaCbJEAAAAAAAAAIIAAAAVcGVybWl0LVgxMS1mb3J3YXJkaW5nAAAAAAAAABdwZXJtaXQtYWdlbnQtZm9yd2FyZGluZwAAAAAAAAAWcGVybWl0LXBvcnQtZm9yd2FyZGluZwAAAAAAAAAKcGVybWl0LXB0eQAAAAAAAAAOcGVybWl0LXVzZXItcmMAAAAAAAAAAAAAAhcAAAAHc3NoLXJzYQAAAAMBAAEAAAIBAPGFKXmdwlZh7eqFxfv8rnnGMCjNnyGURiBg8JKsrnB0Y0swTLk8RwrAxZv6T0HNE5rqIb2aGyYBmlujvRL+j44wYQN2SXINEjOY4v4Ae3MaZ8D7nMvLOALyyHzpUnsI+NKq+q4al+O5ydeQyJV7dyUfYmD6Q2DnUBMQuTW5qpzdNngoys6noKcYkQkHu0vhfpqHGXwqRkK2knZHLvoIHjpbVyRFUMQswoauYBPNC0v5PtjaKRd9g7fz5qCISuSIAjnF4fv6CAT7VIcAJTVbwzdy3H0GoV41Qj0a3TzTAtvL65XczdWFwsye6yjk0FrPG2gB5+hUMA9IIzGjbAz+KrCifVx8S5k8eiJVZM2JaCC+KkiNQivfMfwDIvWczQIaCXxrnC2/NmEPsf5UugUcro7Ez6k29Cr21xzGMP8z22LOQb3zEI4OCq4MQpF1Yay5VfdgKSx93WJLU0NCs/83E+IfZL9eXtO93sEAtjezj9zLwA4KU1Aessv3xYVrAhLCBsKOw1uJvDDgPNS2B5wkGqC0t1SsB/xmiQdLfWdTKHAHnSHCXR0dotpLLj7gEretc9cYEX6H9QY30cq0wYAFuL81p3P0bnU9f7GIY4IyeJrQ06chy6BIj95n4qickE65aktcDCZ4lKKsoPazW84XDJTNKl7zfdUmZMErX2UWSRs3AAACDwAAAAdzc2gtcnNhAAACAOgeKNEeASZyG6bYfvhzI/mBQStGV297xEEJV9m7GGDqfu5/JgMcDdcvfUX9tJkV85LB/000V8NEEk1MUEagnI2wGaXEBO2XkfBxI2GLKt60VLLMWRvQGAw1s8UI2r2MjMtSydZ91rorjl2FZzNHFTz+8O05QgJ90ukeF/Dx2hiLQv8cNsZfivsDaHHjgsWNfr+zCYEHlHIFndUQp3rXqZ6bz01H/86j9w0UO2Dnv5iTb6gF1W55QNJE4sua8ItFhk5pcBisMnsixM//ssKdrDLAGU7OjjQbLQsqP6trO1+RoUwwMQDMf1EOxz8GdGQ9iM41LjYXz2OhnEuhIA0Ew0xI9GHfx1u2tOizcJ5TV5cVTd0pvotg+ZaEYA2HqKLxCfJsg74SuYMIpdRtUxi8Yuuq13U1YZTZtO8FaJxNUZWRhl4aeqiRDWimkCMMKSgyvFDDB7aivy6Y/1D/itM7EnXDzTIw3vseaptHsUa16Rwco8K1OzNMJskEq96rzr7tP0gjqQugXPFGtP3wKIlcO+filjkeWhbGyygYddVemSIRQVmJytCFfd9KLVAHalxTAVjkcR9OiZvSrSyRUPvvl8y63zCWc8TGKoPIzo1BPxZdT546DdDwooEFPtK5auGaHGbVcH9qaclgYQveCIA/fKXH00J44IJg0Cb3/Crd5hKv core@localhost